[level]
tileset = tiles.bmp
map = ........................................
      ........................................
      ........................................
      ........................................
      ........................................
      ........................................
      ........................................
      -.......................................
      1.......................................
      1.......................................
      1..................---..................
      1.!................-o-..................
      1..................---..................
      1.......................................
      1.......................................
      -.......................................
      ........................................
      ........................................
      ........................................
      ........................................
      ........................................
      ........................................
      ........................................

[.]
name = sand
tile = 0,1

[-]
name = wood
tile = 1,1
wall = True

[o]
name = black
tile = 2,1

# entries
[!]
name = entry1
tile = 0,1

[entries]
one = !

# portals
[1]
name = p1
tile = 0,1
object = portal
out = three

[portals]
p1 = level.map