[level]
tileset = tiles.png
map = ........................................
      ........................................
      ........................................
      ........................................
      ........................................
      ........................................
      ........................................
      -.......................................
      1.......................................
      1.......................................
      1..................---..................
      1.!.t.............d-o-..................
      1..................---..................
      1.......................................
      1.......................................
      -.......................................
      ........................................
      ........................................
      ........................................
      ........................................
      ........................................
      ........................................
      ........................................

[.]
name = sand
tile = 0,1

[-]
name = wood
tile = 1,1
wall = True

[o]
name = black
tile = 2,1

# signs
[d]
name = danger
tile = 0,1
object = sign
text = Stay away!
sprite = 0,4

[t]
name = turn
tile = 0,1
object = sign
text = Turn back now!
sprite = 0,4

# entries
[!]
name = entry1
tile = 0,1

[entries]
one = !

# portals
[1]
name = p1
tile = 0,1
object = portal
out = three

[portals]
p1 = level.map