[level]
tileset = tiles.bmp
map = ........................................
      ........................................
      ........................................
      ........................................
      ........................................
      ........................................
      ........................................
      ...............---xxxx---...............
      ...............---x--x---...............
      ...............----------...............
      ...............----------...............
      ...............-----!----...............
      ...............----11----...............
      ........................................
      ........................................
      ........................................
      ........................................
      ........................................
      ........................................
      ........................................
      ........................................
      ........................................
      ........................................

[-]
name = wood
tile = 1,1

[,]
name = sand
tile = 0,1

# entries
[!]
name = entry1
tile = 1,1

[entries]
one = !

[x]
name = stone
tile = 2,0

[1]
name = p1
tile = 0,1
object = portal
out = two

[.]
name = black
tile = 2,1
wall = True

[portals]
p1 = level.map