[level]
tileset = tiles.png
map = ..........................................
      .#####.##........xxx......................
      .#.!.#..#........x1@s.....................
      .#...####........xxx...,,,,,,,,,,,,,,,,,..
      .##.##.................,,,,,,,,,,,,,,,,,..
      ...h...................,,,,,,,,,,,,,,,,,..
      .................c.....,,,,,,,,,,,,,,,,,..
      .#####.##.......xxx....,,,,,,,,,,,,,,,,,..
      .#...#..#..............,,,,,,,,d,,,,,,,,..
      .#...####..............,,,,,,,,2,,,,,,,,..
      .##.##..........c......,,,,,,,,$,,,,,,,,..
      .......................,,,,,,,,,,,,,,,,,..
      .......................,,,,,,,,,,,,,,,,,..
      .#####.##..............,,,,,,,,,,,,,,,,,..
      .#...#..#..............,,,,,,,,,,,,,,,,,..
      .#...####.................................
      .##.##....................................
      ..........................................
      .....................................
      .#####.##............................
      .#...#..#...............-----------..
      .#...####...............-----------..
      .##.##..................-----------..
      ........................-----------..
      ........................-----------..
      .#####.##............................
      .#...#..#............................
      .#...####............................
      .##.##...............................
      .....................................
      ........................-----------..
      .#####.##............................
      .#...#..#............................
      .#...####............................
      .##.##...............................
      .....................................

[.]
name = grass
tile = 1,0
# x,y

[#]
name = dirt
tile = 0,0

[-]
name = wood
tile = 1,1

[,]
name = sand
tile = 0,1

[s]
name = start
tile = 1,0

[x]
name = stone
tile = 2,0
wall = True

# signs
[h]
name = hello
tile = 1,0
object = sign
text = Welcome to 2d! Arrow keys to move, space to interact. Have fun!
sprite = 0,4

[s]
name = shop
tile = 1,0
object = sign
text = General Goods Shop
sprite = 0,4

[d]
name = desert
tile = 0,1
object = sign
text = Endless Desert ... ... DANGEROUS
sprite = 0,4

# entry spots
[!]
name = entry1
tile = 1,0

[@]
name = entry2
tile = 1,0

[$]
name = entry3
tile = 0,1

[entries]
one = !
two = @
three = $

# portals
[1]
name = p1
tile = 1,1
sprite = portal.bmp
object = portal
out = one

[2]
name = p2
tile = 1,1
sprite = portal.bmp
object = portal
out = one

# objects
[c]
name = chest
tile = 1,0
sprite = 2,3
object = chest

[portals]
p1 = house.map
p2 = desert.map